// Jest Snapshot v1, https://goo.gl/fbAQLP

exports[`Testing if Missions component renders correctly 1`] = `
<div
  className="missions-wrapper"
>
  <li
    className="mission-card"
  >
    <div
      className="missionName"
    >
      <h3>
        Mission
      </h3>
    </div>
    <div
      className="missionDescription"
    >
      <h3>
        Description
      </h3>
    </div>
    <div
      className="missionMember"
    >
      <h3>
        Status
      </h3>
    </div>
    <div
      className="missionButton"
    />
  </li>
</div>
`;
