// Jest Snapshot v1, https://goo.gl/fbAQLP

exports[`Testing if Rockets component renders correctly 1`] = `
<div
  className="rockets-wrapper"
/>
`;
